#-----------------------------------------------------------
# Webtalk v2020.2 (64-bit)
# SW Build 3064766 on Wed Nov 18 09:12:45 MST 2020
# IP Build 3064653 on Wed Nov 18 14:17:31 MST 2020
# Start of session at: Thu Feb 25 08:26:32 2021
# Process ID: 20568
# Current directory: C:/Repos/mwwhited/EmbeddedBakery/src/GenericFPGA/RowColumnDecoder/RowColumnDecoder.sim/sim_1/behav/xsim
# Command line: wbtcv.exe -mode batch -source C:/Repos/mwwhited/EmbeddedBakery/src/GenericFPGA/RowColumnDecoder/RowColumnDecoder.sim/sim_1/behav/xsim/xsim.dir/RowColumnDecoderTestBench_behav/webtalk/xsim_webtalk.tcl -notrace
# Log file: C:/Repos/mwwhited/EmbeddedBakery/src/GenericFPGA/RowColumnDecoder/RowColumnDecoder.sim/sim_1/behav/xsim/webtalk.log
# Journal file: C:/Repos/mwwhited/EmbeddedBakery/src/GenericFPGA/RowColumnDecoder/RowColumnDecoder.sim/sim_1/behav/xsim\webtalk.jou
#-----------------------------------------------------------
source C:/Repos/mwwhited/EmbeddedBakery/src/GenericFPGA/RowColumnDecoder/RowColumnDecoder.sim/sim_1/behav/xsim/xsim.dir/RowColumnDecoderTestBench_behav/webtalk/xsim_webtalk.tcl -notrace
