Release 6.2i - xst G.28
Copyright (c) 1995-2004 Xilinx, Inc.  All rights reserved.
--> Parameter TMPDIR set to __projnav
CPU : 0.00 / 0.55 s | Elapsed : 0.00 / 0.00 s
 
--> Parameter xsthdpdir set to ./xst
CPU : 0.00 / 0.55 s | Elapsed : 0.00 / 0.00 s
 
--> Reading design: testfile1.prj

TABLE OF CONTENTS
  1) Synthesis Options Summary
  2) HDL Compilation
  3) HDL Analysis
  4) HDL Synthesis
  5) Advanced HDL Synthesis
     5.1) HDL Synthesis Report
  6) Low Level Synthesis
  7) Final Report

=========================================================================
*                      Synthesis Options Summary                        *
=========================================================================
---- Source Parameters
Input File Name                    : testfile1.prj
Input Format                       : mixed
Ignore Synthesis Constraint File   : NO
Verilog Include Directory          : 

---- Target Parameters
Output File Name                   : testfile1
Output Format                      : NGC
Target Device                      : xc9500

---- Source Options
Top Module Name                    : testfile1
Automatic FSM Extraction           : YES
FSM Encoding Algorithm             : Auto
Mux Extraction                     : YES
Resource Sharing                   : YES

---- Target Options
Add IO Buffers                     : YES
Equivalent register Removal        : YES
MACRO Preserve                     : YES
XOR Preserve                       : YES

---- General Options
Optimization Goal                  : Speed
Optimization Effort                : 1
Keep Hierarchy                     : YES
RTL Output                         : Yes
Hierarchy Separator                : _
Bus Delimiter                      : <>
Case Specifier                     : maintain

---- Other Options
lso                                : testfile1.lso
verilog2001                        : YES
wysiwyg                            : NO

=========================================================================


=========================================================================
*                          HDL Compilation                              *
=========================================================================
Compiling vhdl file c:/codeset/xilinx/testproject/pldt1/testfile1.vhf in Library work.
ERROR:HDLParsers:164 - c:/codeset/xilinx/testproject/pldt1/testfile1.vhf Line 13. parse error, unexpected CLOSEPAR, expecting IDENTIFIER
WARNING:HDLParsers:3465 - Library as no units. Did not save reference file xst/work/hdllib.ref for it.
--> 

Total memory usage is 47344 kilobytes


